PH array64 NULL C:/Users/Admin/Documents/GitHub/BitRush/sha256vhdl/sha256/array64.vhd sub00/vhpl00 1370120425
EN extendto64 NULL C:/Users/Admin/Documents/GitHub/BitRush/sha256vhdl/sha256/extendto64.vhd sub00/vhpl02 1370120427
AR sha256 behavioral C:/Users/Admin/Documents/GitHub/BitRush/sha256vhdl/sha256/sha256.vhd sub00/vhpl09 1370120434
AR preproc behavioral C:/Users/Admin/Documents/GitHub/BitRush/sha256vhdl/sha256/preproc.vhd sub00/vhpl05 1370120430
EN messagechunk NULL C:/Users/Admin/Documents/GitHub/BitRush/sha256vhdl/sha256/messagechunk.vhd sub00/vhpl06 1370120431
PB array64 array64 C:/Users/Admin/Documents/GitHub/BitRush/sha256vhdl/sha256/array64.vhd sub00/vhpl01 1370120426
AR extendto64 behavioral C:/Users/Admin/Documents/GitHub/BitRush/sha256vhdl/sha256/extendto64.vhd sub00/vhpl03 1370120428
EN sha256 NULL C:/Users/Admin/Documents/GitHub/BitRush/sha256vhdl/sha256/sha256.vhd sub00/vhpl08 1370120433
AR messagechunk behavioral C:/Users/Admin/Documents/GitHub/BitRush/sha256vhdl/sha256/messagechunk.vhd sub00/vhpl07 1370120432
EN preproc NULL C:/Users/Admin/Documents/GitHub/BitRush/sha256vhdl/sha256/preproc.vhd sub00/vhpl04 1370120429
