V3 18
FL C:/Users/Admin/Documents/GitHub/BitRush/sha256vhdl/sha256/array64.vhd 2013/06/01.16:53:25 P.58f
PH work/array64 1370120425 \
      FL C:/Users/Admin/Documents/GitHub/BitRush/sha256vhdl/sha256/array64.vhd \
      PB ieee/std_logic_1164 1364358218
PB work/array64 1370120426 \
      FL C:/Users/Admin/Documents/GitHub/BitRush/sha256vhdl/sha256/array64.vhd \
      PH work/array64 1370120425
FL C:/Users/Admin/Documents/GitHub/BitRush/sha256vhdl/sha256/extendto64.vhd 2013/06/01.17:00:22 P.58f
EN work/extendto64 1370120427 \
      FL C:/Users/Admin/Documents/GitHub/BitRush/sha256vhdl/sha256/extendto64.vhd \
      PB ieee/std_logic_1164 1364358218 PB ieee/STD_LOGIC_UNSIGNED 1364358221 \
      PB work/array64 1370120426
AR work/extendto64/Behavioral 1370120428 \
      FL C:/Users/Admin/Documents/GitHub/BitRush/sha256vhdl/sha256/extendto64.vhd \
      EN work/extendto64 1370120427
FL C:/Users/Admin/Documents/GitHub/BitRush/sha256vhdl/sha256/messagechunk.vhd 2013/06/01.16:54:18 P.58f
EN work/messagechunk 1370120431 \
      FL C:/Users/Admin/Documents/GitHub/BitRush/sha256vhdl/sha256/messagechunk.vhd \
      PB ieee/std_logic_1164 1364358218 PB ieee/STD_LOGIC_UNSIGNED 1364358221 \
      PB work/array64 1370120426
AR work/messagechunk/Behavioral 1370120432 \
      FL C:/Users/Admin/Documents/GitHub/BitRush/sha256vhdl/sha256/messagechunk.vhd \
      EN work/messagechunk 1370120431 CP extendto64
FL C:/Users/Admin/Documents/GitHub/BitRush/sha256vhdl/sha256/preproc.vhd 2013/06/01.14:39:52 P.58f
EN work/preproc 1370120429 \
      FL C:/Users/Admin/Documents/GitHub/BitRush/sha256vhdl/sha256/preproc.vhd \
      PB ieee/std_logic_1164 1364358218
AR work/preproc/Behavioral 1370120430 \
      FL C:/Users/Admin/Documents/GitHub/BitRush/sha256vhdl/sha256/preproc.vhd \
      EN work/preproc 1370120429
FL C:/Users/Admin/Documents/GitHub/BitRush/sha256vhdl/sha256/sha256.vhd 2013/05/31.00:37:37 P.58f
EN work/sha256 1370120433 \
      FL C:/Users/Admin/Documents/GitHub/BitRush/sha256vhdl/sha256/sha256.vhd \
      PB ieee/std_logic_1164 1364358218
AR work/sha256/Behavioral 1370120434 \
      FL C:/Users/Admin/Documents/GitHub/BitRush/sha256vhdl/sha256/sha256.vhd \
      EN work/sha256 1370120433 CP preproc CP messagechunk
