V3 18
FL C:/Users/Admin/Documents/GitHub/BitRush/sha256vhdl/sha256/array64.vhd 2013/06/01.18:00:16 P.58f
PH work/array64 1370125505 \
      FL C:/Users/Admin/Documents/GitHub/BitRush/sha256vhdl/sha256/array64.vhd \
      PB ieee/std_logic_1164 1364358218
PB work/array64 1370125506 \
      FL C:/Users/Admin/Documents/GitHub/BitRush/sha256vhdl/sha256/array64.vhd \
      PH work/array64 1370125505
FL C:/Users/Admin/Documents/GitHub/BitRush/sha256vhdl/sha256/extendto64.vhd 2013/06/01.18:20:39 P.58f
EN work/extendto64 1370125507 \
      FL C:/Users/Admin/Documents/GitHub/BitRush/sha256vhdl/sha256/extendto64.vhd \
      PB ieee/std_logic_1164 1364358218 PB ieee/STD_LOGIC_UNSIGNED 1364358221 \
      PB work/array64 1370125506
AR work/extendto64/Behavioral 1370125508 \
      FL C:/Users/Admin/Documents/GitHub/BitRush/sha256vhdl/sha256/extendto64.vhd \
      EN work/extendto64 1370125507
FL C:/Users/Admin/Documents/GitHub/BitRush/sha256vhdl/sha256/messagechunk.vhd 2013/06/01.18:19:32 P.58f
EN work/messagechunk 1370125511 \
      FL C:/Users/Admin/Documents/GitHub/BitRush/sha256vhdl/sha256/messagechunk.vhd \
      PB ieee/std_logic_1164 1364358218 PB ieee/STD_LOGIC_UNSIGNED 1364358221 \
      PB work/array64 1370125506
AR work/messagechunk/Behavioral 1370125512 \
      FL C:/Users/Admin/Documents/GitHub/BitRush/sha256vhdl/sha256/messagechunk.vhd \
      EN work/messagechunk 1370125511 CP extendto64
FL C:/Users/Admin/Documents/GitHub/BitRush/sha256vhdl/sha256/preproc.vhd 2013/06/01.14:39:52 P.58f
EN work/preproc 1370125509 \
      FL C:/Users/Admin/Documents/GitHub/BitRush/sha256vhdl/sha256/preproc.vhd \
      PB ieee/std_logic_1164 1364358218
AR work/preproc/Behavioral 1370125510 \
      FL C:/Users/Admin/Documents/GitHub/BitRush/sha256vhdl/sha256/preproc.vhd \
      EN work/preproc 1370125509
FL C:/Users/Admin/Documents/GitHub/BitRush/sha256vhdl/sha256/sha256.vhd 2013/05/31.00:37:37 P.58f
EN work/sha256 1370125513 \
      FL C:/Users/Admin/Documents/GitHub/BitRush/sha256vhdl/sha256/sha256.vhd \
      PB ieee/std_logic_1164 1364358218
AR work/sha256/Behavioral 1370125514 \
      FL C:/Users/Admin/Documents/GitHub/BitRush/sha256vhdl/sha256/sha256.vhd \
      EN work/sha256 1370125513 CP preproc CP messagechunk
